// Jest Snapshot v1, https://goo.gl/fbAQLP

exports[`SourcesContext should apply a hook for retreiving data from multiple selectors: responses 1`] = `
Object {
  "errorResponse": Object {
    "data": Array [],
    "date": undefined,
    "error": true,
    "errorMessage": "Lorem ipsum",
    "expandedRows": undefined,
    "fulfilled": undefined,
    "pending": undefined,
    "selectedRows": undefined,
  },
  "fulfilledResponse": Object {
    "data": Array [
      "dolor",
      "sit",
    ],
    "date": undefined,
    "error": undefined,
    "errorMessage": undefined,
    "expandedRows": undefined,
    "fulfilled": true,
    "pending": undefined,
    "selectedRows": undefined,
  },
  "mockStoreSuccessResponse": Object {
    "data": Array [
      "lorem",
      "ipsum",
    ],
    "date": undefined,
    "error": false,
    "errorMessage": null,
    "expandedRows": Object {},
    "fulfilled": true,
    "pending": false,
    "selectedRows": Object {},
  },
  "pendingResponse": Object {
    "data": Array [],
    "date": undefined,
    "error": undefined,
    "errorMessage": undefined,
    "expandedRows": undefined,
    "fulfilled": undefined,
    "pending": true,
    "selectedRows": undefined,
  },
}
`;

exports[`SourcesContext should attempt to poll sources: timeout 1`] = `
Array [
  Array [
    Object {
      "callback": true,
      "interval": 0,
    },
  ],
  Array [
    Object {
      "callback": false,
      "interval": 0,
    },
  ],
]
`;

exports[`SourcesContext should handle deleting a source with a confirmation: dispatch delete a source, confirmation 1`] = `
Array [
  Array [
    Object {
      "confirmButtonText": "t(form-dialog.label, {\\"context\\":\\"delete\\"})",
      "heading": "t(form-dialog.confirmation_heading, {\\"context\\":\\"delete-source\\",\\"name\\":\\"lorem ipsum name\\"}, [object Object])",
      "onConfirm": [Function],
      "title": "t(form-dialog.confirmation_title, {\\"context\\":\\"delete-source\\"})",
      "type": "CONFIRMATION_MODAL_SHOW",
    },
  ],
  Array [
    Array [
      Object {
        "type": "CONFIRMATION_MODAL_HIDE",
      },
    ],
  ],
  Array [
    Object {
      "payload": Promise {},
      "type": "DELETE_SOURCE",
    },
  ],
  Array [
    Array [
      Object {
        "alertType": "success",
        "header": "t(toast-notifications.title, {\\"context\\":\\"deleted-source\\"})",
        "message": "t(toast-notifications.description, {\\"context\\":\\"deleted-source\\",\\"name\\":\\"lorem ipsum name\\"})",
        "type": "TOAST_ADD",
      },
      Object {
        "type": "RESET_DELETE_SOURCE",
      },
      Object {
        "item": Object {
          "id": "dolor sit id",
          "name": "lorem ipsum name",
        },
        "type": "DESELECT_ITEM",
        "viewType": "SOURCES_VIEW",
      },
      Object {
        "type": "UPDATE_SOURCES",
      },
    ],
  ],
]
`;

exports[`SourcesContext should return specific properties: specific properties 1`] = `
Object {
  "useGetSources": [Function],
  "useOnDelete": [Function],
  "useOnEdit": [Function],
  "useOnExpand": [Function],
  "useOnRefresh": [Function],
  "useOnScan": [Function],
  "useOnSelect": [Function],
  "usePoll": [Function],
}
`;
