// Jest Snapshot v1, https://goo.gl/fbAQLP

exports[`SourceListItem Component should render a connected component with default props: connected 1`] = `
<Connect(SourceListItem)
  item={
    Object {
      "id": 1,
      "source_type": "network",
    }
  }
/>
`;

exports[`SourceListItem Component should render a non-connected component: non-connected 1`] = `
<div
  class="list-group-item list-view-pf-stacked list-view-pf-top-align"
>
  <div
    class="list-view-pf-checkbox"
  >
    <div
      class=""
    >
      <label
        title=""
      >
        <input
          type="checkbox"
        />
      </label>
    </div>
  </div>
  <div
    class="list-view-pf-actions"
  >
    <button
      aria-disabled="false"
      aria-label="Edit"
      class="pf-c-button pf-m-plain quipucords-view__row-button"
      data-ouia-component-id="OUIA-Generated-Button-plain-1"
      data-ouia-component-type="PF4/Button"
      data-ouia-safe="true"
      type="button"
    >
      <svg
        aria-hidden="true"
        fill="currentColor"
        height="1em"
        role="img"
        style="vertical-align: -0.125em;"
        viewBox="0 0 512 512"
        width="1em"
      >
        <path
          d="M497.9 142.1l-46.1 46.1c-4.7 4.7-12.3 4.7-17 0l-111-111c-4.7-4.7-4.7-12.3 0-17l46.1-46.1c18.7-18.7 49.1-18.7 67.9 0l60.1 60.1c18.8 18.7 18.8 49.1 0 67.9zM284.2 99.8L21.6 362.4.4 483.9c-2.9 16.4 11.4 30.6 27.8 27.8l121.5-21.3 262.6-262.6c4.7-4.7 4.7-12.3 0-17l-111-111c-4.8-4.7-12.4-4.7-17.1 0zM124.1 339.9c-5.5-5.5-5.5-14.3 0-19.8l154-154c5.5-5.5 14.3-5.5 19.8 0s5.5 14.3 0 19.8l-154 154c-5.5 5.5-14.3 5.5-19.8 0zM88 424h48v36.3l-64.5 11.3-31.1-31.1L51.7 376H88v48z"
        />
      </svg>
    </button>
    <button
      aria-disabled="false"
      aria-label="Delete"
      class="pf-c-button pf-m-plain quipucords-view__row-button"
      data-ouia-component-id="OUIA-Generated-Button-plain-2"
      data-ouia-component-type="PF4/Button"
      data-ouia-safe="true"
      type="button"
    >
      <svg
        aria-hidden="true"
        fill="currentColor"
        height="1em"
        role="img"
        style="vertical-align: -0.125em;"
        viewBox="0 0 448 512"
        width="1em"
      >
        <path
          d="M432 32H312l-9.4-18.7A24 24 0 0 0 281.1 0H166.8a23.72 23.72 0 0 0-21.4 13.3L136 32H16A16 16 0 0 0 0 48v32a16 16 0 0 0 16 16h416a16 16 0 0 0 16-16V48a16 16 0 0 0-16-16zM53.2 467a48 48 0 0 0 47.9 45h245.8a48 48 0 0 0 47.9-45L416 128H32z"
        />
      </svg>
    </button>
    <button
      aria-disabled="false"
      class="pf-c-button pf-m-secondary"
      data-ouia-component-id="OUIA-Generated-Button-secondary-1"
      data-ouia-component-type="PF4/Button"
      data-ouia-safe="true"
      type="button"
    >
      Scan
    </button>
  </div>
  <div
    class="list-view-pf-main-info"
  >
    <div
      class="list-view-pf-left"
    >
      <span
        aria-hidden="true"
        class="pficon pficon-network-range list-view-pf-icon-sm"
      />
    </div>
    <div
      class="list-view-pf-body"
    >
      <div
        class="list-view-pf-description"
      >
        <div
          class="list-group-item-text"
        >
          <div
            class="quipucords-split-description"
          >
            <span
              class="quipucords-description-left"
            >
              <div
                class="list-group-item-heading"
              />
            </span>
            <span
              class="quipucords-description-right"
            />
          </div>
        </div>
      </div>
      <div
        class="list-view-pf-additional-info"
      >
        <div
          class="list-view-pf-additional-info-item list-view-info-item-icon-count empty-count"
        >
          <span>
            0 Credentials
          </span>
        </div>
        <div
          class="list-view-pf-additional-info-item list-view-info-item-icon-count empty-count"
        >
          <span>
            0 Successful
          </span>
        </div>
        <div
          class="list-view-pf-additional-info-item list-view-info-item-icon-count empty-count"
        >
          <span>
            0 Failed
          </span>
        </div>
        <div
          class="list-view-pf-additional-info-item list-view-info-item-icon-count empty-count"
        >
          <span>
            0 Unreachable
          </span>
        </div>
      </div>
    </div>
  </div>
</div>
`;
