// Jest Snapshot v1, https://goo.gl/fbAQLP

exports[`ScansContext should apply a hook for retreiving data from multiple selectors: responses 1`] = `
Object {
  "errorResponse": Object {
    "data": Array [],
    "date": undefined,
    "error": true,
    "errorMessage": "Lorem ipsum",
    "expandedRows": undefined,
    "fulfilled": undefined,
    "pending": undefined,
    "selectedRows": undefined,
  },
  "fulfilledResponse": Object {
    "data": Array [
      "dolor",
      "sit",
    ],
    "date": undefined,
    "error": undefined,
    "errorMessage": undefined,
    "expandedRows": undefined,
    "fulfilled": true,
    "pending": undefined,
    "selectedRows": undefined,
  },
  "mockStoreSuccessResponse": Object {
    "data": Array [
      "lorem",
      "ipsum",
    ],
    "date": undefined,
    "error": false,
    "errorMessage": null,
    "expandedRows": Object {},
    "fulfilled": true,
    "pending": false,
    "selectedRows": Object {},
  },
  "pendingResponse": Object {
    "data": Array [],
    "date": undefined,
    "error": undefined,
    "errorMessage": undefined,
    "expandedRows": undefined,
    "fulfilled": undefined,
    "pending": true,
    "selectedRows": undefined,
  },
}
`;

exports[`ScansContext should attempt to poll scans: timeout 1`] = `
Array [
  Array [
    Object {
      "callback": false,
      "interval": 0,
    },
  ],
  Array [
    Object {
      "callback": false,
      "interval": 0,
    },
  ],
]
`;

exports[`ScansContext should handle scan actions with multiple callbacks: callbacks 1`] = `
Object {
  "onCancel": [Function],
  "onDownload": [Function],
  "onPause": [Function],
  "onRestart": [Function],
  "onStart": [Function],
}
`;

exports[`ScansContext should handle scan actions with multiple callbacks: dispatch onStart 1`] = `
Array [
  Array [
    Object {
      "meta": Object {
        "id": "lorem ipsum base id",
      },
      "payload": Promise {},
      "type": "START_SCAN",
    },
  ],
]
`;

exports[`ScansContext should return specific properties: specific properties 1`] = `
Object {
  "useGetScans": [Function],
  "useOnExpand": [Function],
  "useOnRefresh": [Function],
  "useOnScanAction": [Function],
  "useOnSelect": [Function],
  "usePoll": [Function],
}
`;
