// Jest Snapshot v1, https://goo.gl/fbAQLP

exports[`ScanJobsList Component should render a connected component: connected 1`] = `
<Connect(ScanJobsList)
  id={1}
/>
`;

exports[`ScanJobsList Component should render a non-connected component error: error 1`] = `
<EmptyState
  className="quipucords-empty-state__alert"
>
  <Alert
    isInline={true}
    isPlain={true}
    title="t(view.error, {\\"context\\":\\"scan-jobs\\"})"
    variant="danger"
  >
    t(view.error-message, {"context":"scan-jobs","message":"Lorem Ipsum."})
  </Alert>
</EmptyState>
`;

exports[`ScanJobsList Component should render a non-connected component pending: pending 1`] = `
<EmptyState
  className="quipucords-empty-state"
  variant="large"
>
  <Spinner
    isSVG={true}
    size="sm"
  />
   
  t(view.loading)
</EmptyState>
`;

exports[`ScanJobsList Component should render a non-connected component: non-connected 1`] = `
<div
  className="quipucords-infinite-results"
>
  <Grid
    bsClass="container"
    className="quipucords-infinite-list"
    componentClass="div"
    fluid={true}
    onScroll={[Function]}
  >
    <Row
      bsClass="row"
      className="fadein"
      componentClass="div"
      key="14"
    >
      <Col
        bsClass="col"
        componentClass="div"
        sm={3}
        xs={6}
      >
        <ContextIcon
          size="sm"
          symbol="success"
        />
         
        Completed
      </Col>
      <Col
        bsClass="col"
        componentClass="div"
        sm={3}
        xs={6}
      >
        a day ago
      </Col>
      <Col
        bsClass="col"
        componentClass="div"
        sm={2}
        xs={3}
      >
        <ContextIcon
          color={
            Object {
              "name": "--pf-global--Color--dark-100",
              "value": "#151515",
              "var": "var(--pf-global--Color--dark-100)",
            }
          }
          size="sm"
          symbol="success"
        />
         
        10
      </Col>
      <Col
        bsClass="col"
        componentClass="div"
        sm={2}
        xs={3}
      >
        <ContextIcon
          color={
            Object {
              "name": "--pf-global--Color--dark-100",
              "value": "#151515",
              "var": "var(--pf-global--Color--dark-100)",
            }
          }
          size="sm"
          symbol="failed"
        />
         
        10
      </Col>
      <Col
        bsClass="col"
        componentClass="div"
        sm={2}
        xs={3}
      >
        <Connect(ScanDownload)
          bsStyle="link"
          downloadId={15}
        >
          <ContextIcon
            size="sm"
            symbol="download"
          />
           Â Download
        </Connect(ScanDownload)>
      </Col>
    </Row>
  </Grid>
</div>
`;
