// Jest Snapshot v1, https://goo.gl/fbAQLP

exports[`AddSourceWizardStepOne Component should render a connected component: connected 1`] = `<Connect(AddSourceWizardStepOne) />`;

exports[`AddSourceWizardStepOne Component should render a non-connected component: non-connected 1`] = `
<form
  class="pf-c-form pf-m-horizontal"
  novalidate=""
>
  <div
    class="pf-c-form__group"
    id="generatedid-"
  >
    <div
      class="pf-c-form__group-label"
    >
      <label
        class="pf-c-form__label"
      >
        <span
          class="pf-c-form__label-text"
        >
          t(form-dialog.label_select_source-type)
        </span>
      </label>
       
    </div>
    <div
      class="pf-c-form__group-control"
    >
      <div
        class="pf-c-radio quipucords-form__radio "
      >
        <input
          aria-invalid="false"
          checked=""
          class="pf-c-radio__input"
          data-ouia-component-id="OUIA-Generated-Radio-1"
          data-ouia-component-type="PF4/Radio"
          data-ouia-safe="true"
          id="sourceType-network"
          name="sourceType"
          type="radio"
          value="network"
        />
        <label
          class="pf-c-radio__label"
          for="sourceType-network"
        >
          t(form-dialog.label_network-range)
        </label>
      </div>
      <div
        class="pf-c-radio quipucords-form__radio "
      >
        <input
          aria-invalid="false"
          class="pf-c-radio__input"
          data-ouia-component-id="OUIA-Generated-Radio-2"
          data-ouia-component-type="PF4/Radio"
          data-ouia-safe="true"
          id="sourceType-satellite"
          name="sourceType"
          type="radio"
          value="satellite"
        />
        <label
          class="pf-c-radio__label"
          for="sourceType-satellite"
        >
          t(form-dialog.label_satellite)
        </label>
      </div>
      <div
        class="pf-c-radio quipucords-form__radio "
      >
        <input
          aria-invalid="false"
          class="pf-c-radio__input"
          data-ouia-component-id="OUIA-Generated-Radio-3"
          data-ouia-component-type="PF4/Radio"
          data-ouia-safe="true"
          id="sourceType-vcenter"
          name="sourceType"
          type="radio"
          value="vcenter"
        />
        <label
          class="pf-c-radio__label"
          for="sourceType-vcenter"
        >
          t(form-dialog.label_vCenter-server)
        </label>
      </div>
    </div>
  </div>
</form>
`;
