// Jest Snapshot v1, https://goo.gl/fbAQLP

exports[`Router Component should shallow render a basic component 1`] = `
<div
  className="quipucords-content"
>
  <Switch>
    <Route
      component={[Function]}
      key="/sources"
      path="/sources"
    />
    <Route
      component={[Function]}
      key="/scans"
      path="/scans"
    />
    <Route
      component={
        Object {
          "$$typeof": Symbol(react.memo),
          "WrappedComponent": [Function],
          "compare": null,
          "type": [Function],
        }
      }
      key="/credentials"
      path="/credentials"
    />
    <Redirect
      from="/"
      to="/sources"
    />
  </Switch>
</div>
`;
