// Jest Snapshot v1, https://goo.gl/fbAQLP

exports[`CredentialListItem Component should render a connected component: connected 1`] = `
<Connect(CredentialListItem)
  item={
    Object {
      "cred_type": "network",
      "id": 1,
    }
  }
/>
`;

exports[`CredentialListItem Component should render a non-connected component: non-connected 1`] = `
<CredentialListItem
  expandedCredentials={Array []}
  item={
    Object {
      "cred_type": "network",
      "id": 1,
    }
  }
  onDelete={[Function]}
  onEdit={[Function]}
  selectedCredentials={Array []}
>
  <ListViewItem
    actions={
      Array [
        <Tooltip
          content="View Credential"
          delayShow={500}
          id={null}
          isPopover={false}
          placement="top"
        >
          <Button
            className="quipucords-view__row-button"
            onClick={[Function]}
            variant="plain"
          >
            <EyeIcon
              color="currentColor"
              noVerticalAlign={false}
              size="sm"
            />
          </Button>
        </Tooltip>,
        <Tooltip
          content="Delete Credential"
          delayShow={500}
          id={null}
          isPopover={false}
          placement="top"
        >
          <Button
            className="quipucords-view__row-button"
            onClick={[Function]}
            variant="plain"
          >
            <TrashIcon
              color="currentColor"
              noVerticalAlign={false}
              size="sm"
            />
          </Button>
        </Tooltip>,
      ]
    }
    additionalInfo={
      Array [
        <ListViewInfoItem
          className="list-view-info-item-icon-count invisible"
          stacked={false}
        >
          <ListViewExpand
            expanded={false}
            toggleExpanded={[Function]}
          >
            <strong>
              0
            </strong>
             Sources
          </ListViewExpand>
        </ListViewInfoItem>,
      ]
    }
    checkboxInput={
      <Checkbox
        bsClass=""
        checked={false}
        disabled={false}
        inline={false}
        onChange={[Function]}
        title=""
      />
    }
    className="quipucords-credential-list-item list-view-pf-top-align"
    compoundExpand={true}
    compoundExpanded={false}
    description={
      <div
        className="quipucords-split-description"
      >
        <span
          className="quipucords-description-left"
        >
          <ListViewDescriptionHeading />
        </span>
        <span
          className="quipucords-description-right"
        >
          <Tooltip
            content="Authorization Type"
            delayShow={500}
            id={null}
            isPopover={false}
            placement="top"
          >
            Username and Password
          </Tooltip>
        </span>
      </div>
    }
    heading={null}
    hideCloseIcon={false}
    initExpanded={false}
    key="1"
    leftContent={
      <Tooltip
        content="Network"
        delayShow={500}
        id={null}
        isPopover={false}
        placement="top"
      >
        <ListViewIcon
          className=""
          name="network-range"
          size="sm"
          type="pf"
        />
      </Tooltip>
    }
    onCloseCompoundExpand={[Function]}
    onExpand={[Function]}
    onExpandClose={[Function]}
    stacked={true}
  >
    <ListViewGroupItem
      className="quipucords-credential-list-item list-view-pf-top-align"
      expanded={false}
      stacked={true}
    >
      <div
        className="list-group-item list-view-pf-stacked quipucords-credential-list-item list-view-pf-top-align"
      >
        <ListViewRow
          actions={
            Array [
              <Tooltip
                content="View Credential"
                delayShow={500}
                id={null}
                isPopover={false}
                placement="top"
              >
                <Button
                  className="quipucords-view__row-button"
                  onClick={[Function]}
                  variant="plain"
                >
                  <EyeIcon
                    color="currentColor"
                    noVerticalAlign={false}
                    size="sm"
                  />
                </Button>
              </Tooltip>,
              <Tooltip
                content="Delete Credential"
                delayShow={500}
                id={null}
                isPopover={false}
                placement="top"
              >
                <Button
                  className="quipucords-view__row-button"
                  onClick={[Function]}
                  variant="plain"
                >
                  <TrashIcon
                    color="currentColor"
                    noVerticalAlign={false}
                    size="sm"
                  />
                </Button>
              </Tooltip>,
            ]
          }
          additionalInfo={
            Array [
              <ListViewInfoItem
                className="list-view-info-item-icon-count invisible"
                stacked={false}
              >
                <ListViewExpand
                  expanded={false}
                  toggleExpanded={[Function]}
                >
                  <strong>
                    0
                  </strong>
                   Sources
                </ListViewExpand>
              </ListViewInfoItem>,
            ]
          }
          checkboxInput={
            <Checkbox
              bsClass=""
              checked={false}
              disabled={false}
              inline={false}
              onChange={[Function]}
              title=""
            />
          }
          description={
            <div
              className="quipucords-split-description"
            >
              <span
                className="quipucords-description-left"
              >
                <ListViewDescriptionHeading />
              </span>
              <span
                className="quipucords-description-right"
              >
                <Tooltip
                  content="Authorization Type"
                  delayShow={500}
                  id={null}
                  isPopover={false}
                  placement="top"
                >
                  Username and Password
                </Tooltip>
              </span>
            </div>
          }
          heading={null}
          leftContent={
            <Tooltip
              content="Network"
              delayShow={500}
              id={null}
              isPopover={false}
              placement="top"
            >
              <ListViewIcon
                className=""
                name="network-range"
                size="sm"
                type="pf"
              />
            </Tooltip>
          }
        >
          <ListViewCheckbox
            className=""
            key="checkbox"
          >
            <div
              className="list-view-pf-checkbox"
            >
              <Checkbox
                bsClass=""
                checked={false}
                disabled={false}
                inline={false}
                onChange={[Function]}
                title=""
              >
                <div
                  className=""
                >
                  <label
                    title=""
                  >
                    <input
                      checked={false}
                      disabled={false}
                      onChange={[Function]}
                      type="checkbox"
                    />
                  </label>
                </div>
              </Checkbox>
            </div>
          </ListViewCheckbox>
          <ListViewActions
            key="actions"
          >
            <div
              className="list-view-pf-actions"
            >
              <Tooltip
                content="View Credential"
                delayShow={500}
                id={null}
                isPopover={false}
                key="editButton"
                placement="top"
              >
                <Tooltip
                  content="View Credential"
                  entryDelay={500}
                  id="generatedid-"
                  position="top"
                >
                  <Popper
                    appendTo={[Function]}
                    distance={15}
                    enableFlip={true}
                    flipBehavior={
                      Array [
                        "top",
                        "right",
                        "bottom",
                        "left",
                        "top",
                        "right",
                        "bottom",
                      ]
                    }
                    isVisible={false}
                    onBlur={[Function]}
                    onDocumentClick={false}
                    onDocumentKeyDown={[Function]}
                    onFocus={[Function]}
                    onMouseEnter={[Function]}
                    onMouseLeave={[Function]}
                    onPopperMouseEnter={[Function]}
                    onPopperMouseLeave={[Function]}
                    onTriggerEnter={[Function]}
                    placement="top"
                    popper={
                      <div
                        aria-live="off"
                        className="pf-c-tooltip"
                        id="generatedid-"
                        role="tooltip"
                        style={
                          Object {
                            "maxWidth": null,
                            "opacity": 0,
                            "transition": "opacity 300ms cubic-bezier(.54, 1.5, .38, 1.11)",
                          }
                        }
                      >
                        <TooltipArrow />
                        <TooltipContent
                          isLeftAligned={false}
                        >
                          View Credential
                        </TooltipContent>
                      </div>
                    }
                    popperMatchesTriggerWidth={false}
                    positionModifiers={
                      Object {
                        "bottom": "pf-m-bottom",
                        "bottom-end": "pf-m-bottom-right",
                        "bottom-start": "pf-m-bottom-left",
                        "left": "pf-m-left",
                        "left-end": "pf-m-left-bottom",
                        "left-start": "pf-m-left-top",
                        "right": "pf-m-right",
                        "right-end": "pf-m-right-bottom",
                        "right-start": "pf-m-right-top",
                        "top": "pf-m-top",
                        "top-end": "pf-m-top-right",
                        "top-start": "pf-m-top-left",
                      }
                    }
                    trigger={
                      <Button
                        className="quipucords-view__row-button"
                        onClick={[Function]}
                        variant="plain"
                      >
                        <EyeIcon
                          color="currentColor"
                          noVerticalAlign={false}
                          size="sm"
                        />
                      </Button>
                    }
                    zIndex={9999}
                  >
                    <FindRefWrapper
                      onFoundRef={[Function]}
                    >
                      <Button
                        className="quipucords-view__row-button"
                        onClick={[Function]}
                        variant="plain"
                      >
                        <ButtonBase
                          className="quipucords-view__row-button"
                          innerRef={null}
                          onClick={[Function]}
                          variant="plain"
                        >
                          <button
                            aria-disabled={false}
                            aria-label={null}
                            className="pf-c-button pf-m-plain quipucords-view__row-button"
                            data-ouia-component-id="OUIA-Generated-Button-plain-1"
                            data-ouia-component-type="PF4/Button"
                            data-ouia-safe={true}
                            disabled={false}
                            onClick={[Function]}
                            role={null}
                            type="button"
                          >
                            <EyeIcon
                              color="currentColor"
                              noVerticalAlign={false}
                              size="sm"
                            >
                              <svg
                                aria-hidden={true}
                                aria-labelledby={null}
                                fill="currentColor"
                                height="1em"
                                role="img"
                                style={
                                  Object {
                                    "verticalAlign": "-0.125em",
                                  }
                                }
                                viewBox="0 0 576 512"
                                width="1em"
                              >
                                <path
                                  d="M572.52 241.4C518.29 135.59 410.93 64 288 64S57.68 135.64 3.48 241.41a32.35 32.35 0 0 0 0 29.19C57.71 376.41 165.07 448 288 448s230.32-71.64 284.52-177.41a32.35 32.35 0 0 0 0-29.19zM288 400a144 144 0 1 1 144-144 143.93 143.93 0 0 1-144 144zm0-240a95.31 95.31 0 0 0-25.31 3.79 47.85 47.85 0 0 1-66.9 66.9A95.78 95.78 0 1 0 288 160z"
                                />
                              </svg>
                            </EyeIcon>
                          </button>
                        </ButtonBase>
                      </Button>
                    </FindRefWrapper>
                  </Popper>
                </Tooltip>
              </Tooltip>
              <Tooltip
                content="Delete Credential"
                delayShow={500}
                id={null}
                isPopover={false}
                key="deleteButton"
                placement="top"
              >
                <Tooltip
                  content="Delete Credential"
                  entryDelay={500}
                  id="generatedid-"
                  position="top"
                >
                  <Popper
                    appendTo={[Function]}
                    distance={15}
                    enableFlip={true}
                    flipBehavior={
                      Array [
                        "top",
                        "right",
                        "bottom",
                        "left",
                        "top",
                        "right",
                        "bottom",
                      ]
                    }
                    isVisible={false}
                    onBlur={[Function]}
                    onDocumentClick={false}
                    onDocumentKeyDown={[Function]}
                    onFocus={[Function]}
                    onMouseEnter={[Function]}
                    onMouseLeave={[Function]}
                    onPopperMouseEnter={[Function]}
                    onPopperMouseLeave={[Function]}
                    onTriggerEnter={[Function]}
                    placement="top"
                    popper={
                      <div
                        aria-live="off"
                        className="pf-c-tooltip"
                        id="generatedid-"
                        role="tooltip"
                        style={
                          Object {
                            "maxWidth": null,
                            "opacity": 0,
                            "transition": "opacity 300ms cubic-bezier(.54, 1.5, .38, 1.11)",
                          }
                        }
                      >
                        <TooltipArrow />
                        <TooltipContent
                          isLeftAligned={false}
                        >
                          Delete Credential
                        </TooltipContent>
                      </div>
                    }
                    popperMatchesTriggerWidth={false}
                    positionModifiers={
                      Object {
                        "bottom": "pf-m-bottom",
                        "bottom-end": "pf-m-bottom-right",
                        "bottom-start": "pf-m-bottom-left",
                        "left": "pf-m-left",
                        "left-end": "pf-m-left-bottom",
                        "left-start": "pf-m-left-top",
                        "right": "pf-m-right",
                        "right-end": "pf-m-right-bottom",
                        "right-start": "pf-m-right-top",
                        "top": "pf-m-top",
                        "top-end": "pf-m-top-right",
                        "top-start": "pf-m-top-left",
                      }
                    }
                    trigger={
                      <Button
                        className="quipucords-view__row-button"
                        onClick={[Function]}
                        variant="plain"
                      >
                        <TrashIcon
                          color="currentColor"
                          noVerticalAlign={false}
                          size="sm"
                        />
                      </Button>
                    }
                    zIndex={9999}
                  >
                    <FindRefWrapper
                      onFoundRef={[Function]}
                    >
                      <Button
                        className="quipucords-view__row-button"
                        onClick={[Function]}
                        variant="plain"
                      >
                        <ButtonBase
                          className="quipucords-view__row-button"
                          innerRef={null}
                          onClick={[Function]}
                          variant="plain"
                        >
                          <button
                            aria-disabled={false}
                            aria-label={null}
                            className="pf-c-button pf-m-plain quipucords-view__row-button"
                            data-ouia-component-id="OUIA-Generated-Button-plain-2"
                            data-ouia-component-type="PF4/Button"
                            data-ouia-safe={true}
                            disabled={false}
                            onClick={[Function]}
                            role={null}
                            type="button"
                          >
                            <TrashIcon
                              color="currentColor"
                              noVerticalAlign={false}
                              size="sm"
                            >
                              <svg
                                aria-hidden={true}
                                aria-labelledby={null}
                                fill="currentColor"
                                height="1em"
                                role="img"
                                style={
                                  Object {
                                    "verticalAlign": "-0.125em",
                                  }
                                }
                                viewBox="0 0 448 512"
                                width="1em"
                              >
                                <path
                                  d="M432 32H312l-9.4-18.7A24 24 0 0 0 281.1 0H166.8a23.72 23.72 0 0 0-21.4 13.3L136 32H16A16 16 0 0 0 0 48v32a16 16 0 0 0 16 16h416a16 16 0 0 0 16-16V48a16 16 0 0 0-16-16zM53.2 467a48 48 0 0 0 47.9 45h245.8a48 48 0 0 0 47.9-45L416 128H32z"
                                />
                              </svg>
                            </TrashIcon>
                          </button>
                        </ButtonBase>
                      </Button>
                    </FindRefWrapper>
                  </Popper>
                </Tooltip>
              </Tooltip>
            </div>
          </ListViewActions>
          <ListViewMainInfo
            key="main_info"
          >
            <div
              className="list-view-pf-main-info"
            >
              <ListViewLeft>
                <div
                  className="list-view-pf-left"
                >
                  <Tooltip
                    content="Network"
                    delayShow={500}
                    id={null}
                    isPopover={false}
                    placement="top"
                  >
                    <Tooltip
                      content="Network"
                      entryDelay={500}
                      id="generatedid-"
                      position="top"
                    >
                      <Popper
                        appendTo={[Function]}
                        distance={15}
                        enableFlip={true}
                        flipBehavior={
                          Array [
                            "top",
                            "right",
                            "bottom",
                            "left",
                            "top",
                            "right",
                            "bottom",
                          ]
                        }
                        isVisible={false}
                        onBlur={[Function]}
                        onDocumentClick={false}
                        onDocumentKeyDown={[Function]}
                        onFocus={[Function]}
                        onMouseEnter={[Function]}
                        onMouseLeave={[Function]}
                        onPopperMouseEnter={[Function]}
                        onPopperMouseLeave={[Function]}
                        onTriggerEnter={[Function]}
                        placement="top"
                        popper={
                          <div
                            aria-live="off"
                            className="pf-c-tooltip"
                            id="generatedid-"
                            role="tooltip"
                            style={
                              Object {
                                "maxWidth": null,
                                "opacity": 0,
                                "transition": "opacity 300ms cubic-bezier(.54, 1.5, .38, 1.11)",
                              }
                            }
                          >
                            <TooltipArrow />
                            <TooltipContent
                              isLeftAligned={false}
                            >
                              Network
                            </TooltipContent>
                          </div>
                        }
                        popperMatchesTriggerWidth={false}
                        positionModifiers={
                          Object {
                            "bottom": "pf-m-bottom",
                            "bottom-end": "pf-m-bottom-right",
                            "bottom-start": "pf-m-bottom-left",
                            "left": "pf-m-left",
                            "left-end": "pf-m-left-bottom",
                            "left-start": "pf-m-left-top",
                            "right": "pf-m-right",
                            "right-end": "pf-m-right-bottom",
                            "right-start": "pf-m-right-top",
                            "top": "pf-m-top",
                            "top-end": "pf-m-top-right",
                            "top-start": "pf-m-top-left",
                          }
                        }
                        trigger={
                          <ListViewIcon
                            className=""
                            name="network-range"
                            size="sm"
                            type="pf"
                          />
                        }
                        zIndex={9999}
                      >
                        <FindRefWrapper
                          onFoundRef={[Function]}
                        >
                          <ListViewIcon
                            className=""
                            name="network-range"
                            size="sm"
                            type="pf"
                          >
                            <Icon
                              className="list-view-pf-icon-sm"
                              name="network-range"
                              type="pf"
                            >
                              <PatternflyIcon
                                className="list-view-pf-icon-sm"
                                name="network-range"
                              >
                                <span
                                  aria-hidden="true"
                                  className="pficon pficon-network-range list-view-pf-icon-sm"
                                />
                              </PatternflyIcon>
                            </Icon>
                          </ListViewIcon>
                        </FindRefWrapper>
                      </Popper>
                    </Tooltip>
                  </Tooltip>
                </div>
              </ListViewLeft>
              <ListViewBody>
                <div
                  className="list-view-pf-body"
                >
                  <ListViewDescription>
                    <div
                      className="list-view-pf-description"
                    >
                      <ListViewDescriptionText>
                        <div
                          className="list-group-item-text"
                        >
                          <div
                            className="quipucords-split-description"
                          >
                            <span
                              className="quipucords-description-left"
                            >
                              <ListViewDescriptionHeading>
                                <div
                                  className="list-group-item-heading"
                                />
                              </ListViewDescriptionHeading>
                            </span>
                            <span
                              className="quipucords-description-right"
                            >
                              <Tooltip
                                content="Authorization Type"
                                delayShow={500}
                                id={null}
                                isPopover={false}
                                placement="top"
                              >
                                <Tooltip
                                  content="Authorization Type"
                                  entryDelay={500}
                                  id="generatedid-"
                                  position="top"
                                >
                                  <Popper
                                    appendTo={[Function]}
                                    distance={15}
                                    enableFlip={true}
                                    flipBehavior={
                                      Array [
                                        "top",
                                        "right",
                                        "bottom",
                                        "left",
                                        "top",
                                        "right",
                                        "bottom",
                                      ]
                                    }
                                    isVisible={false}
                                    onBlur={[Function]}
                                    onDocumentClick={false}
                                    onDocumentKeyDown={[Function]}
                                    onFocus={[Function]}
                                    onMouseEnter={[Function]}
                                    onMouseLeave={[Function]}
                                    onPopperMouseEnter={[Function]}
                                    onPopperMouseLeave={[Function]}
                                    onTriggerEnter={[Function]}
                                    placement="top"
                                    popper={
                                      <div
                                        aria-live="off"
                                        className="pf-c-tooltip"
                                        id="generatedid-"
                                        role="tooltip"
                                        style={
                                          Object {
                                            "maxWidth": null,
                                            "opacity": 0,
                                            "transition": "opacity 300ms cubic-bezier(.54, 1.5, .38, 1.11)",
                                          }
                                        }
                                      >
                                        <TooltipArrow />
                                        <TooltipContent
                                          isLeftAligned={false}
                                        >
                                          Authorization Type
                                        </TooltipContent>
                                      </div>
                                    }
                                    popperMatchesTriggerWidth={false}
                                    positionModifiers={
                                      Object {
                                        "bottom": "pf-m-bottom",
                                        "bottom-end": "pf-m-bottom-right",
                                        "bottom-start": "pf-m-bottom-left",
                                        "left": "pf-m-left",
                                        "left-end": "pf-m-left-bottom",
                                        "left-start": "pf-m-left-top",
                                        "right": "pf-m-right",
                                        "right-end": "pf-m-right-bottom",
                                        "right-start": "pf-m-right-top",
                                        "top": "pf-m-top",
                                        "top-end": "pf-m-top-right",
                                        "top-start": "pf-m-top-left",
                                      }
                                    }
                                    trigger="Username and Password"
                                    zIndex={9999}
                                  >
                                    <FindRefWrapper
                                      onFoundRef={[Function]}
                                    >
                                      Username and Password
                                    </FindRefWrapper>
                                  </Popper>
                                </Tooltip>
                              </Tooltip>
                            </span>
                          </div>
                        </div>
                      </ListViewDescriptionText>
                    </div>
                  </ListViewDescription>
                  <ListViewAdditionalInfo>
                    <div
                      className="list-view-pf-additional-info"
                    >
                      <ListViewInfoItem
                        className="list-view-info-item-icon-count invisible"
                        key="sources"
                        stacked={false}
                      >
                        <div
                          className="list-view-pf-additional-info-item list-view-info-item-icon-count invisible"
                          onClick={[Function]}
                        >
                          <ListViewExpand
                            expanded={false}
                            toggleExpanded={[Function]}
                          >
                            <div
                              className="list-view-pf-expand"
                              onClick={[Function]}
                            >
                              <span
                                className="fa fa-angle-right"
                              />
                              <strong>
                                0
                              </strong>
                               Sources
                            </div>
                          </ListViewExpand>
                        </div>
                      </ListViewInfoItem>
                    </div>
                  </ListViewAdditionalInfo>
                </div>
              </ListViewBody>
            </div>
          </ListViewMainInfo>
        </ListViewRow>
      </div>
    </ListViewGroupItem>
  </ListViewItem>
</CredentialListItem>
`;
